
====================================================================================================
CLUTTER DEMO AUDIT
====================================================================================================
   753 demos kept, 271 rejected, 355416 samples
   episode length 472-472 env steps (mean 472.0)

   ACTION RANGE   a = 2 * (q_desired - q_default); the env applies no clip
      joint       min      max    |a|max
      j1        -1.803   -0.039    1.803   <-- outside [-1,1]
      j2        -1.244   -0.043    1.244   <-- outside [-1,1]
      j3        -2.309   -0.175    2.309   <-- outside [-1,1]
      j4        +0.272   +4.632    4.632   <-- outside [-1,1]
      j5        -1.456   -0.079    1.456   <-- outside [-1,1]
      j6        +0.234   +3.048    3.048   <-- outside [-1,1]
      gripper  unique values [-1.  1.]   BINARY, as required

   NEAR-DEGENERATE OBSERVATION CHANNELS   (std < 1e-3 over the kept pool)
      env_state[ 9] d0_up     std 7.49e-05  -> normalization multiplies its residual by 13357
      env_state[15] d2_up     std 6.14e-04  -> normalization multiplies its residual by 1630
      env_state[18] d3_up     std 2.36e-05  -> normalization multiplies its residual by 42390
      These are distractor up-axes. Successful demos never topple, so the
      channel is ~1.0 throughout and normalization rescales its remaining
      micro-variation (real nudge signal) to unit variance. Recorded, not
      changed: it is the first thing to test if the policy underperforms.

   PHASE SEGMENTS (identical across demos -- one frozen schedule)
      approach  [   0,  78)    78 env steps  16.5%
      settle    [  78,  88)    10 env steps   2.1%
      descend   [  88, 163)    75 env steps  15.9%
      predwell  [ 163, 183)    20 env steps   4.2%
      close     [ 183, 253)    70 env steps  14.8%
      carry     [ 253, 367)   114 env steps  24.2%
      dwell     [ 367, 387)    20 env steps   4.2%
      release   [ 387, 417)    30 env steps   6.4%
      withdraw  [ 417, 442)    25 env steps   5.3%
      final     [ 442, 472)    30 env steps   6.4%
      TOTAL 472 env steps, 180 of them a held pose (38.1%)

   N2 -- IS THE CORRECT CHUNK DETERMINED BY THE OBSERVATION?
      4000 queries against 30000 reference frames, k = 16, normalized space

      phase       nn_chunk_rmse  uncond_rmse   ratio   nn_dt  floor(hi)     floor
      approach           0.0536       0.4901   0.109     4.0     0.0516    0.0402
      settle             0.0563       0.2957   0.190     6.0     0.0529    0.0133
      descend            0.1563       0.4711   0.332     8.0     0.1084    0.0581
      predwell           0.2620       0.4032   0.650     8.0     0.1135    0.0711
      close              0.4547       0.4526   1.005    20.0     0.3596    0.3594
      carry              0.1150       0.9607   0.120     2.0     0.1076    0.0858
      dwell              0.1633       0.2587   0.631     3.0     0.0489    0.0459
      release            0.0706       0.0649   1.087     8.0     0.0427    0.0434
      withdraw           0.0269       0.0393   0.685     4.0     0.0166    0.0191
      final              0.0009       0.0000 189.157     8.0     0.0002    0.0000

      ratio      = fraction of the chunk's variation surviving conditioning on obs
      floor(hi)  = (pi/2)*mean_cell(sigma_cell) straight from the k neighbours --
                   an UPPER bound: a neighbour is not at zero observation distance,
                   so real obs-driven variation leaks into the estimate
      floor      = the same quantity extrapolated to zero obs distance.
                   Still an UPPER bound on the flow objective (see the docstring):
                   it prices each of the 350 chunk cells independently, while the
                   flow head sees x_tau for ALL of them and this ambiguity is one
                   scalar -- `when does the lift start` -- so it aggregates 350
                   noisy readings of a single latent. Expect the training mse to
                   land BELOW this and above zero.
      worst phase: close, flow floor 0.3594 over 70 steps

      holds       flow floor 0.1607  over 180 steps
      moves       flow floor 0.0608  over 292 steps
      WHOLE DEMO  flow floor 0.0989  (upper bound; see the note above)
      contribution to the floor, by phase:
         close       53.9%   ( 70 steps, 14.8% of the demo)
         carry       20.9%   (114 steps, 24.2% of the demo)
         descend      9.3%   ( 75 steps, 15.9% of the demo)
         approach     6.7%   ( 78 steps, 16.5% of the demo)
         predwell     3.0%   ( 20 steps,  4.2% of the demo)
         release      2.8%   ( 30 steps,  6.4% of the demo)
         dwell        2.0%   ( 20 steps,  4.2% of the demo)
         withdraw     1.0%   ( 25 steps,  5.3% of the demo)
         settle       0.3%   ( 10 steps,  2.1% of the demo)
         final        0.0%   ( 30 steps,  6.4% of the demo)

   wrote clutter/runs/demos_v1_audit.json
