
====================================================================================================
CLUTTER DEMO AUDIT
====================================================================================================
   774 demos kept, 250 rejected, 251550 samples
   episode length 325-325 env steps (mean 325.0)

   ACTION RANGE   a = 2 * (q_desired - q_default); the env applies no clip
      joint       min      max    |a|max
      j1        -1.803   -0.039    1.803   <-- outside [-1,1]
      j2        -1.244   -0.043    1.244   <-- outside [-1,1]
      j3        -2.309   -0.175    2.309   <-- outside [-1,1]
      j4        +0.272   +4.632    4.632   <-- outside [-1,1]
      j5        -1.456   -0.079    1.456   <-- outside [-1,1]
      j6        +0.234   +3.048    3.048   <-- outside [-1,1]
      gripper  unique values [-1.  1.]   BINARY, as required

   NEAR-DEGENERATE OBSERVATION CHANNELS   (std < 1e-3 over the kept pool)
      env_state[ 9] d0_up     std 2.55e-05  -> normalization multiplies its residual by 39167
      env_state[18] d3_up     std 1.18e-04  -> normalization multiplies its residual by 8489
      These are distractor up-axes. Successful demos never topple, so the
      channel is ~1.0 throughout and normalization rescales its remaining
      micro-variation (real nudge signal) to unit variance. Recorded, not
      changed: it is the first thing to test if the policy underperforms.

   PHASE SEGMENTS (identical across demos -- one frozen schedule)
      approach  [   0,  78)    78 env steps  24.0%
      settle    [  78,  80)     2 env steps   0.6%
      descend   [  80, 155)    75 env steps  23.1%
      predwell  [ 155, 160)     5 env steps   1.5%
      close     [ 160, 165)     5 env steps   1.5%
      carry     [ 165, 279)   114 env steps  35.1%
      dwell     [ 279, 284)     5 env steps   1.5%
      release   [ 284, 292)     8 env steps   2.5%
      withdraw  [ 292, 317)    25 env steps   7.7%
      final     [ 317, 325)     8 env steps   2.5%
      TOTAL 325 env steps, 33 of them a held pose (10.2%)

   N2 -- IS THE CORRECT CHUNK DETERMINED BY THE OBSERVATION?
      4000 queries against 30000 reference frames, k = 16, normalized space

      phase       nn_chunk_rmse  uncond_rmse   ratio   nn_dt  floor(hi)     floor
      approach           0.0497       0.4783   0.104     4.0     0.0478    0.0423
      settle             0.0518       0.2779   0.187     5.0     0.0489    0.0149
      descend            0.2208       0.5808   0.380     7.0     0.1780    0.1421
      predwell           0.2965       0.2137   1.387     7.0     0.2088    0.1485
      close              0.1681       0.1404   1.197     4.0     0.1437    0.1351
      carry              0.0935       1.0089   0.093     1.0     0.0874    0.0363
      dwell              0.0911       0.1209   0.754     1.0     0.0525    0.0118
      release            0.0590       0.0190   3.108     2.0     0.0513    0.0020
      withdraw           0.0468       0.0384   1.217     4.0     0.0428    0.0036
      final              0.0427       0.0000 8881.749     3.0     0.0399    0.0024

      ratio      = fraction of the chunk's variation surviving conditioning on obs
      floor(hi)  = (pi/2)*mean_cell(sigma_cell) straight from the k neighbours --
                   an UPPER bound: a neighbour is not at zero observation distance,
                   so real obs-driven variation leaks into the estimate
      floor      = the same quantity extrapolated to zero obs distance.
                   Still an UPPER bound on the flow objective (see the docstring):
                   it prices each of the 350 chunk cells independently, while the
                   flow head sees x_tau for ALL of them and this ambiguity is one
                   scalar -- `when does the lift start` -- so it aggregates 350
                   noisy readings of a single latent. Expect the training mse to
                   land BELOW this and above zero.
      worst phase: predwell, flow floor 0.1485 over 5 steps

      holds       flow floor 0.0467  over 33 steps
      moves       flow floor 0.0623  over 292 steps
      WHOLE DEMO  flow floor 0.0607  (upper bound; see the note above)
      contribution to the floor, by phase:
         descend     54.0%   ( 75 steps, 23.1% of the demo)
         carry       21.0%   (114 steps, 35.1% of the demo)
         approach    16.7%   ( 78 steps, 24.0% of the demo)
         predwell     3.8%   (  5 steps,  1.5% of the demo)
         close        3.4%   (  5 steps,  1.5% of the demo)
         withdraw     0.5%   ( 25 steps,  7.7% of the demo)
         dwell        0.3%   (  5 steps,  1.5% of the demo)
         settle       0.2%   (  2 steps,  0.6% of the demo)
         final        0.1%   (  8 steps,  2.5% of the demo)
         release      0.1%   (  8 steps,  2.5% of the demo)

   wrote clutter/runs/demos_v3_audit.json
